// Jest Snapshot v1, https://goo.gl/fbAQLP

exports[`Select Should match snapshot 1`] = `
<div>
  <div
    class="sc-24f28faf-2 pvAgd"
  >
    <label
      class="sc-24f28faf-3 bwPOYt"
      for="select-faker"
    >
      <div
        class="sc-24f28faf-4 hZqqgq"
      >
        select-field
      </div>
    </label>
    <div
      class="sc-24f28faf-0 gYHRaT"
    >
      <div
        class="sc-24f28faf-1 cvhFNA"
      >
        <select
          class="sc-84a82da7-0 hDYMcA"
          data-testid="select-faker"
        >
          <option
            class="sc-84a82da7-1 kdtNMT"
          >
            Selecione
          </option>
          <option
            class="sc-84a82da7-1 kdtNMT"
            value="itachi-uchiha"
          >
            Itachi Uchiha
          </option>
          <option
            class="sc-84a82da7-1 kdtNMT"
            value="tanjiro-kamado"
          >
            Tanjiro Kamado
          </option>
          <option
            class="sc-84a82da7-1 kdtNMT"
            value="gon-freecss"
          >
            Gon Freecss
          </option>
        </select>
      </div>
    </div>
  </div>
</div>
`;
