// Jest Snapshot v1, https://goo.gl/fbAQLP

exports[`TemplateScreen Should match snapshot 1`] = `
<div>
  <div
    class="sc-896edceb-0 fzsaPD"
  >
    <main
      class="sc-896edceb-2 doPaXi"
    >
      <div
        class="sc-4e9890c7-0 gkPA-dI"
      >
        Yamamoto, the Captain-Commander of the Gotei 13, wields the fearsome Zanpakuto Ryujin Jakka. His fiery power and unwavering resolve make him a legend in Soul Society.
      </div>
    </main>
  </div>
</div>
`;
